// Jest Snapshot v1, https://goo.gl/fbAQLP

exports[`CreatorsToFollow renders correctly 1`] = `
<div
  className="mb-3"
>
  <p
    className="text-uppercase font-weight-bold mb-2"
  >
    Creators to follow
  </p>
   
  <div
    className="list-group"
    onKeyDown={[Function]}
  />
</div>
`;
