// Jest Snapshot v1, https://goo.gl/fbAQLP

exports[`Creator renders correctly 1`] = `
<div
  className="w-100 d-flex justify-content-between list-group-item"
  disabled={false}
  onClick={[Function]}
>
  <img
    className="rounded-circle"
    src="test"
  />
  <div
    className="w-50 mx-2"
  >
    <p
      className="font-weight-bold"
    >
      test
    </p>
    <p>
      test...
    </p>
  </div>
  <button
    className="h-50 my-auto btn btn-success"
    disabled={false}
    type="button"
  >
    Follow
  </button>
</div>
`;
