// Jest Snapshot v1, https://goo.gl/fbAQLP

exports[`FeaturedPosts renders correctly 1`] = `<div />`;
