// Jest Snapshot v1, https://goo.gl/fbAQLP

exports[`PostEditor renders correctly 1`] = `<div />`;
