// Jest Snapshot v1, https://goo.gl/fbAQLP

exports[`TopicList renders correctly 1`] = `null`;
