// Jest Snapshot v1, https://goo.gl/fbAQLP

exports[`MediumLogo renders correctly 1`] = `
<a
  aria-current="page"
  className="active"
  href="/"
  onClick={[Function]}
  style={Object {}}
>
  <svg>
    medium.svg
  </svg>
</a>
`;
