// Jest Snapshot v1, https://goo.gl/fbAQLP

exports[`PostContainer renders correctly 1`] = `
<div
  className="d-flex flex-column bg-inherit pointer mb-2 card"
  onClick={[Function]}
>
   test
</div>
`;
