// Jest Snapshot v1, https://goo.gl/fbAQLP

exports[`PostsSkeleton renders correctly 1`] = `
<div
  className="w-100 my-2"
>
  <div
    className="my-2 d-flex"
  >
    <span>
      <span
        className="react-loading-skeleton css-1eg0sfo-skeletonStyles-Skeleton"
        style={Object {}}
      >
        ‌
      </span>
      <span
        className="react-loading-skeleton css-1eg0sfo-skeletonStyles-Skeleton"
        style={Object {}}
      >
        ‌
      </span>
      <span
        className="react-loading-skeleton css-1eg0sfo-skeletonStyles-Skeleton"
        style={Object {}}
      >
        ‌
      </span>
      <span
        className="react-loading-skeleton css-1eg0sfo-skeletonStyles-Skeleton"
        style={Object {}}
      >
        ‌
      </span>
      <span
        className="react-loading-skeleton css-1eg0sfo-skeletonStyles-Skeleton"
        style={Object {}}
      >
        ‌
      </span>
    </span>
    <span>
      <span
        className="react-loading-skeleton css-1eg0sfo-skeletonStyles-Skeleton"
        style={
          Object {
            "height": 135,
            "width": 200,
          }
        }
      >
        ‌
      </span>
    </span>
  </div>
  <div
    className="my-2 d-flex"
  >
    <span>
      <span
        className="react-loading-skeleton css-1eg0sfo-skeletonStyles-Skeleton"
        style={Object {}}
      >
        ‌
      </span>
      <span
        className="react-loading-skeleton css-1eg0sfo-skeletonStyles-Skeleton"
        style={Object {}}
      >
        ‌
      </span>
      <span
        className="react-loading-skeleton css-1eg0sfo-skeletonStyles-Skeleton"
        style={Object {}}
      >
        ‌
      </span>
      <span
        className="react-loading-skeleton css-1eg0sfo-skeletonStyles-Skeleton"
        style={Object {}}
      >
        ‌
      </span>
      <span
        className="react-loading-skeleton css-1eg0sfo-skeletonStyles-Skeleton"
        style={Object {}}
      >
        ‌
      </span>
    </span>
    <span>
      <span
        className="react-loading-skeleton css-1eg0sfo-skeletonStyles-Skeleton"
        style={
          Object {
            "height": 135,
            "width": 200,
          }
        }
      >
        ‌
      </span>
    </span>
  </div>
  <div
    className="my-2 d-flex"
  >
    <span>
      <span
        className="react-loading-skeleton css-1eg0sfo-skeletonStyles-Skeleton"
        style={Object {}}
      >
        ‌
      </span>
      <span
        className="react-loading-skeleton css-1eg0sfo-skeletonStyles-Skeleton"
        style={Object {}}
      >
        ‌
      </span>
      <span
        className="react-loading-skeleton css-1eg0sfo-skeletonStyles-Skeleton"
        style={Object {}}
      >
        ‌
      </span>
      <span
        className="react-loading-skeleton css-1eg0sfo-skeletonStyles-Skeleton"
        style={Object {}}
      >
        ‌
      </span>
      <span
        className="react-loading-skeleton css-1eg0sfo-skeletonStyles-Skeleton"
        style={Object {}}
      >
        ‌
      </span>
    </span>
    <span>
      <span
        className="react-loading-skeleton css-1eg0sfo-skeletonStyles-Skeleton"
        style={
          Object {
            "height": 135,
            "width": 200,
          }
        }
      >
        ‌
      </span>
    </span>
  </div>
</div>
`;
