// Jest Snapshot v1, https://goo.gl/fbAQLP

exports[`Post renders correctly 1`] = `
<div
  className="sc-bdvvaa"
  onClick={[Function]}
>
  <header
    className="sc-gsDJrp dSpPBI"
  >
    <img
      alt="test"
      className="sc-dkPtyc gFABCv"
      height="20"
      src="test"
      width="20"
    />
     
    <p>
      test
       in 
      test
    </p>
  </header>
  <div>
    test
  </div>
  <div>
    
    Invalid Date
     Â· 
    test
  </div>
</div>
`;
