// Jest Snapshot v1, https://goo.gl/fbAQLP

exports[`SideBar renders correctly 1`] = `
<div>
  <div>
    <div>
      <svg
        fill="currentColor"
        height="1em"
        stroke="currentColor"
        strokeWidth="0"
        style={
          Object {
            "color": undefined,
          }
        }
        viewBox="0 0 16 16"
        width="1em"
        xmlns="http://www.w3.org/2000/svg"
      >
        <path
          clipRule="evenodd"
          d="M7 13l5 3V4a2 2 0 00-2-2H4a2 2 0 00-2 2v12l5-3zm-4 1.234l4-2.4 4 2.4V4a1 1 0 00-1-1H4a1 1 0 00-1 1v10.234z"
          fillRule="evenodd"
        />
        <path
          d="M14 14l-1-.6V2a1 1 0 00-1-1H4.268A2 2 0 016 0h6a2 2 0 012 2v12z"
        />
      </svg>
       reading list
    </div>
    <div>
      <a
        className=""
        href="/reading-list"
        onClick={[Function]}
        style={Object {}}
      >
        See your full reading list
      </a>
    </div>
  </div>
  <div>
    <div>
      <div>
        WHO TO FOLLOW
      </div>
      <div>
        <ul />
      </div>
    </div>
    <div
      className="d-flex flex-wrap"
    >
      <p
        className="mx-3 pointer"
      >
        Help
      </p>
      <p
        className="mx-3 pointer"
      >
        Status
      </p>
      <p
        className="mx-3 pointer"
      >
        Writers
      </p>
      <p
        className="mx-3 pointer"
      >
        Blog
      </p>
      <p
        className="mx-3 pointer"
      >
        Careers
      </p>
      <p
        className="mx-3 pointer"
      >
        Privacy
      </p>
      <p
        className="mx-3 pointer"
      >
        Terms
      </p>
      <p
        className="mx-3 pointer"
      >
        About
      </p>
    </div>
  </div>
</div>
`;
