// Jest Snapshot v1, https://goo.gl/fbAQLP

exports[`Bookmark renders correctly 1`] = `
<span
  onClick={[Function]}
>
  <svg
    fill="currentColor"
    height="22"
    stroke="currentColor"
    strokeWidth="0"
    style={
      Object {
        "color": undefined,
      }
    }
    viewBox="0 0 16 16"
    width="22"
    xmlns="http://www.w3.org/2000/svg"
  >
    <path
      clipRule="evenodd"
      d="M8 12l5 3V3a2 2 0 00-2-2H5a2 2 0 00-2 2v12l5-3zm-4 1.234l4-2.4 4 2.4V3a1 1 0 00-1-1H5a1 1 0 00-1 1v10.234z"
      fillRule="evenodd"
    />
  </svg>
</span>
`;
