// Jest Snapshot v1, https://goo.gl/fbAQLP

exports[`PublicationItem renders correctly 1`] = `
<button
  className="list-group-item list-group-item-action"
  disabled={false}
  onClick={[Function]}
>
  test
</button>
`;
