// Jest Snapshot v1, https://goo.gl/fbAQLP

exports[`PageLoader renders correctly 1`] = `
<div>
  <img
    alt=""
    src="/mediumMobile.svg"
  />
</div>
`;
